Assembled by WinArcadia 26.32 beta at 20:53:47 on 28/4/2021---------------

              :; Tutorial 2,   PVI objects
              :;========================================================================================


              :; CONSTANTS
              :; ---------


              :carrybit	equ	$01
              :compare		equ	$02
              :withcarry	equ	$08
              :registerselect	equ	$10
              :intinhibit	equ 	$20
              :stackpointer	equ	$07

              :obj1complete	equ	$08
              :obj2complete	equ	$04
              :obj3complete	equ	$02
              :obj4complete	equ	$01

              :noise		equ	$1e80

              :player1keys147c	equ	$1e88	;player1 keypad, bits: 1,4,7,clear,x,x,x,x
              :player1keys2580	equ	$1e89	;player1 keypad, bits: 2,5,8,0,x,x,x,x
              :player1keys369e	equ	$1e8a	;player1 keypad, bits: 3,6,9,enter,x,x,x,x
              :console		equ	$1E8B	;start and select buttons on console

              :consolestart	equ	$40
              :consoleselect	equ	$80

              :keymask123	equ	$80	;top row of keys
              :keymask456	equ	$40
              :keymask789	equ	$20
              :keymaskc0e	equ	$10	;bottom row of keys



              :shape1		equ	$1f00
              :hc1		equ	$1f0a
              :hcd1		equ	$1f0b
              :vc1		equ	$1f0c
              :voff1		equ	$1f0d

              :shape2		equ	$1f10
              :hc2		equ	$1f1a
              :hcd2		equ	$1f1b
              :vc2		equ	$1f1c
              :voff2		equ	$1f1d

              :shape3		equ	$1f20
              :hc3		equ	$1f2a
              :hcd3		equ	$1f2b
              :vc3		equ	$1f2c
              :voff3		equ	$1f2d

              :shape4		equ	$1f40
              :hc4		equ	$1f4a
              :hcd4		equ	$1f4b
              :vc4		equ	$1f4c
              :voff4		equ	$1f4d

              :griddefinition	equ	$1F80

              :objectsize	equ	$1fc0
              :colours12	equ	$1fc1
              :colours34	equ	$1fc2
              :scoreformat	equ	$1fc3	
              :backgnd		equ	$1fc6
              :;pitch		equ	$1fc7
              :score12		equ	$1fc8
              :score34		equ	$1fc9
              :ocomplete	equ	$1fca
              :collision	equ	$1fcb

              :;=============================================================================



              :reset_vector:
0000  1F0004  :	bcta,un	reset
              :interrupt_vector:
0003  17      :	retc,un
              :reset:	
              :				;initialise program status word, just to be sure!
0004  7620    :	ppsu	intinhibit	;inhibit interrupts
0006  7407    :	cpsu	stackpointer	;stack pointer=0
0008  7510    :	cpsl	registerselect	;register bank 0
000A  7508    : 	cpsl	withcarry 	;without carry
000C  7502    :	cpsl	compare		;arithmetic compare

000E  3F0013  :	bsta,un InitPVI		;initialise video chip

              :endless:
0011  1B7E    :	bctr,un endless




              :;===================================================================
              :; subroutine - initialise PVI
              :InitPVI:
0013  20      :	eorz	r0		;r0 = 0
0014  07CA    :	lodi,r3	$CA		;set 1F00-1FC9 to 00 (most of PVI)
              :loop1:				;sets all colours to black, turns off sound, score 1 field at top.
0016  CF5F00  :	stra,r0	shape1,r3,-
0019  5B7B    :	brnr,r3	loop1

001B  0402    :	lodi,r0 $02
001D  CC1FC3  :	stra,r0 scoreformat	
0020  04AA    :	lodi,r0 $aa		;blank the score digits
0022  CC1FC8  :	stra,r0 score12
0025  04AA    :	lodi,r0 $aa
0027  CC1FC9  :	stra,r0 score34

002A  0400    :	lodi,r0 $00		;screen black
002C  CC1FC6  :	stra,r0 backgnd

002F  0403    :	lodi,r0	$03
0031  CC1FC1  :	stra,r0 colours12	; obj 1 white, 2 red
0034  0429    :	lodi,r0	$29
0036  CC1FC2  :	stra,r0 colours34	; obj 3 green, 4 yellow

0039  070E    :	lodi,r3 $0E
              :loopISe:			;load sprite shapes and coords
003B  0F4056  :	loda,r0 one,r3-
003E  CF7F00  :	stra,r0 shape1,r3
0041  0F6064  :	loda,r0 two,r3
0044  CF7F10  :	stra,r0 shape2,r3
0047  0F6072  :	loda,r0 three,r3
004A  CF7F20  :	stra,r0 shape3,r3
004D  0F6080  :	loda,r0 four,r3
0050  CF7F40  :	stra,r0 shape4,r3
0053  5B66    :	brnr,r3 loopISe	
              :		


0055  17      :	retc,un


              :one:			
0056  08      :	db	$08
0057  18      :	db	$18
0058  08      :	db	$08
0059  08      :	db	$08
005A  08      :	db	$08
005B  08      :	db	$08
005C  08      :	db	$08
005D  08      :	db	$08
005E  1C      :	db	$1c
005F  1C      :	db	$1c
0060  28      :	db	40	;hc
0061  28      :	db	40	;hcb
0062  3C      :	db	60	;vc
0063  14      :	db	20	;voff
              :two:			
0064  1C      :	db	$1c
0065  3E      :	db	$3e
0066  22      :	db	$22
0067  02      :	db	$02
0068  0E      :	db	$0e
0069  18      :	db	$18
006A  30      :	db	$30
006B  20      :	db	$20
006C  3E      :	db	$3e
006D  3E      :	db	$3e
006E  50      :	db	80	
006F  5A      :	db	90	 
0070  3C      :	db	60	
0071  0A      :	db	10	
              :three:		
0072  7C      :	db	$7c
0073  7C      :	db	$7c
0074  04      :	db	$04
0075  04      :	db	$04
0076  1C      :	db	$1c
0077  1C      :	db	$1c
0078  04      :	db	$04
0079  04      :	db	$04
007A  7C      :	db	$7c
007B  7C      :	db	$7c
007C  6E      :	db	110
007D  78      :	db	120	
007E  3C      :	db	60
007F  FA      :	db	250
              :four:			
0080  40      :	db	$40
0081  40      :	db	$40
0082  40      :	db	$40
0083  40      :	db	$40
0084  48      :	db	$48
0085  7E      :	db	$7e
0086  7E      :	db	$7e
0087  08      :	db	$08
0088  08      :	db	$08
0089  08      :	db	$08
008A  8C      :	db	140
008B  8C      :	db	140	
008C  3C      :	db	60
008D  FF      :	db	255	;




Symbol Table--------------------------------------------------------------

;Guest-specific:
byte            0x1E8B  CONSOLE
byte            0x1E8E  P2RIGHTKEYS
byte            0x1E8D  P2MIDDLEKEYS
byte            0x1E8C  P2LEFTKEYS
byte            0x1E8A  P1RIGHTKEYS
byte            0x1E89  P1MIDDLEKEYS
byte            0x1E88  P1LEFTKEYS
byte            0x1E80  NOISE
code            0x1FCC  P1PADDLE
code            0x1FCD  P2PADDLE
code            0x1FCB  SPRITECOLLIDE
code            0x1FCA  BGCOLLIDE
code            0x1FC1  SPR01COLOURS
code            0x1FC2  SPR23COLOURS
code            0x1FC6  BGCOLOUR
code            0x1FC7  PITCH
code            0x1F4A  SPRITE3AX
code            0x1F4C  SPRITE3AY
code            0x1F2A  SPRITE2AX
code            0x1F2C  SPRITE2AY
code            0x1F1A  SPRITE1AX
code            0x1F1C  SPRITE1AY
code            0x1F0A  SPRITE0AX
code            0x1F0C  SPRITE0AY
code            0x1F4B  SPRITE3BX
code            0x1F4D  SPRITE3BY
code            0x1F2B  SPRITE2BX
code            0x1F2D  SPRITE2BY
code            0x1F1B  SPRITE1BX
code            0x1F1D  SPRITE1BY
code            0x1F0B  SPRITE0BX
code            0x1F0D  SPRITE0BY
code            0x1FC3  SCORECTRL
code            0x1FC8  SCORELT
code            0x1FC9  SCORERT
code            0x1FA8  HORIZ1
code            0x1FA9  HORIZ2
code            0x1FAA  HORIZ3
code            0x1FAB  HORIZ4
code            0x1FAC  HORIZ5
code            0x1FC0  SIZES
;User-defined:
symbol          0x0001  CARRYBIT
symbol          0x0002  COMPARE
symbol          0x0008  WITHCARRY
symbol          0x0010  REGISTERSELECT
symbol          0x0020  INTINHIBIT
symbol          0x0007  STACKPOINTER
symbol          0x0008  OBJ1COMPLETE
symbol          0x0004  OBJ2COMPLETE
symbol          0x0002  OBJ3COMPLETE
symbol          0x0001  OBJ4COMPLETE
symbol          0x1E88  PLAYER1KEYS147C
symbol          0x1E89  PLAYER1KEYS2580
symbol          0x1E8A  PLAYER1KEYS369E
symbol          0x0040  CONSOLESTART
symbol          0x0080  CONSOLESELECT
symbol          0x0080  KEYMASK123
symbol          0x0040  KEYMASK456
symbol          0x0020  KEYMASK789
symbol          0x0010  KEYMASKC0E
symbol          0x1F00  SHAPE1
symbol          0x1F0A  HC1
symbol          0x1F0B  HCD1
symbol          0x1F0C  VC1
symbol          0x1F0D  VOFF1
symbol          0x1F10  SHAPE2
symbol          0x1F1A  HC2
symbol          0x1F1B  HCD2
symbol          0x1F1C  VC2
symbol          0x1F1D  VOFF2
symbol          0x1F20  SHAPE3
symbol          0x1F2A  HC3
symbol          0x1F2B  HCD3
symbol          0x1F2C  VC3
symbol          0x1F2D  VOFF3
symbol          0x1F40  SHAPE4
symbol          0x1F4A  HC4
symbol          0x1F4B  HCD4
symbol          0x1F4C  VC4
symbol          0x1F4D  VOFF4
symbol          0x1F80  GRIDDEFINITION
symbol          0x1FC0  OBJECTSIZE
symbol          0x1FC1  COLOURS12
symbol          0x1FC2  COLOURS34
symbol          0x1FC3  SCOREFORMAT
symbol          0x1FC6  BACKGND
symbol          0x1FC8  SCORE12
symbol          0x1FC9  SCORE34
symbol          0x1FCA  OCOMPLETE
symbol          0x1FCB  COLLISION
symbol          0x0000  RESET_VECTOR
symbol          0x0003  INTERRUPT_VECTOR
symbol          0x0004  RESET
symbol          0x0011  ENDLESS
symbol          0x0013  INITPVI
symbol          0x0016  LOOP1
symbol          0x003B  LOOPISE
symbol          0x0056  ONE
symbol          0x0064  TWO
symbol          0x0072  THREE
symbol          0x0080  FOUR
